组装页   : D:\WorkDev\MyShare\GlanceMD-Ultra\tests\.tmp\index.html（825224 字节，32 个 <script>）
IPC mock : D:\WorkDev\MyShare\GlanceMD-Ultra\tests\.tmp\mock-ipc.js
平台标记 : data-platform="windows"

Running 8 tests using 1 worker

(node:24996) Warning: The 'NO_COLOR' env is ignored due to the 'FORCE_COLOR' env being set.
(Use `node --trace-warnings ...` to show where the warning was created)
  ok 1 tests\e2e\specs\editor-navigation-regressions.spec.js:22:1 › Ctrl+F searches selected text in the editor and keeps find inline (1.7s)
  ok 2 tests\e2e\specs\editor-navigation-regressions.spec.js:39:1 › Ctrl+L accepts an exact logical line and selects it (814ms)
  ok 3 tests\e2e\specs\editor-navigation-regressions.spec.js:52:1 › Vim enters with current tab cursor and keeps a resident status hint (739ms)
  ok 4 tests\e2e\specs\editor-navigation-regressions.spec.js:71:1 › Ctrl+L 31 repeated three times selects a visible logical line after long Chinese soft wraps (985ms)
  x  5 tests\e2e\specs\editor-navigation-regressions.spec.js:85:1 › Ctrl+K and Ctrl+Shift+K from find input scroll to visible next and previous matches (995ms)
(node:32232) Warning: The 'NO_COLOR' env is ignored due to the 'FORCE_COLOR' env being set.
(Use `node --trace-warnings ...` to show where the warning was created)
  x  6 tests\e2e\specs\editor-navigation-regressions.spec.js:102:1 › Entering Vim from middle of preview preserves reading location and shows the block cursor (6.5s)
(node:15724) Warning: The 'NO_COLOR' env is ignored due to the 'FORCE_COLOR' env being set.
(Use `node --trace-warnings ...` to show where the warning was created)
  ok 7 tests\e2e\specs\editor-navigation-regressions.spec.js:121:3 › F7/F12 focus flash remains visible with reduced-motion no-preference (1.3s)
  ok 8 tests\e2e\specs\editor-navigation-regressions.spec.js:121:3 › F7/F12 focus flash remains visible with reduced-motion reduce (1.1s)


  1) tests\e2e\specs\editor-navigation-regressions.spec.js:85:1 › Ctrl+K and Ctrl+Shift+K from find input scroll to visible next and previous matches 

    Error: expect(received).toBeGreaterThan(expected)

    Expected: > 1000
    Received:   0

      91 |   await input.focus();
      92 |   await page.keyboard.press('Control+k');
    > 93 |   expect(await editor.evaluate(el => el.selectionStart)).toBeGreaterThan(1000);
         |                                                          ^
      94 |   expect(await editor.evaluate(el => el.scrollTop)).toBeGreaterThan(0);
      95 |   expect(await selectionVisible(editor)).toBe(true);
      96 |   await input.focus();
        at D:\WorkDev\MyShare\GlanceMD-Ultra\tests\e2e\specs\editor-navigation-regressions.spec.js:93:58

    Error Context: tests\e2e\test-results\editor-navigation-regressi-f3682-e-next-and-previous-matches\error-context.md

  2) tests\e2e\specs\editor-navigation-regressions.spec.js:102:1 › Entering Vim from middle of preview preserves reading location and shows the block cursor 

    Error: expect(locator).toBeVisible() failed

    Locator:  locator('#editor')
    Expected: visible
    Received: hidden
    Timeout:  5000ms

    Call log:
      - Expect "toBeVisible" with timeout 5000ms
      - waiting for locator('#editor')
        13 × locator resolved to <textarea id="editor" spellcheck="false" placeholder="Start writing markdown..."></textarea>
           - unexpected value "hidden"


      111 |   await page.keyboard.press('Alt+Shift+e');
      112 |   await page.keyboard.press('v');
    > 113 |   await expect(editor).toBeVisible();
          |                        ^
      114 |   await expect(editor).toBeFocused();
      115 |   expect(await editor.evaluate(el => el.selectionStart)).toBeGreaterThan(500);
      116 |   await expect(page.locator('.vim-block-cursor')).toBeInViewport();
        at D:\WorkDev\MyShare\GlanceMD-Ultra\tests\e2e\specs\editor-navigation-regressions.spec.js:113:24

    Error Context: tests\e2e\test-results\editor-navigation-regressi-5843c--and-shows-the-block-cursor\error-context.md

  2 failed
    tests\e2e\specs\editor-navigation-regressions.spec.js:85:1 › Ctrl+K and Ctrl+Shift+K from find input scroll to visible next and previous matches 
    tests\e2e\specs\editor-navigation-regressions.spec.js:102:1 › Entering Vim from middle of preview preserves reading location and shows the block cursor 
  6 passed (22.0s)
